Device info:emulator
Build info:emulator 6.0.0.48(SP1DEVC00E47R4P11)
Fingerprint:b2c04689a385f86cbd32c01ee18737231877d131c920908bac6a907802648d58
Timestamp:2025-11-17 16:26:42.842
Module name:cn.zwjkeke.ssh
Version:1.2.29
VersionCode:229
PreInstalled:No
Foreground:Yes
Pid:13518
Uid:20020056
Process Memory(kB): 156807(Rss)
Device Memory(kB): Total 4025348, Free 1831968, Available 2542436
Page switch history:
  16:26:39.753 :enters foreground
Reason:TypeError
Error name:TypeError
Error message:@Component '@Component 'ResultBlock'[93]': Illegal variable value error with decorated variable @Prop 'onClear': failed validation: 'undefined, null, number, boolean, string, or Object but not function, not V2 @ObservedV2 / @Trace class, and makeObserved return value either, attempt to assign value type: 'function', value: 'undefined'!
Stacktrace:
Cannot get SourceMap info, dump raw stack:
    at varValueCheckFailed (/usr1/hmos_for_system/src/increment/sourcecode/out/generic_generic_x86_64only/deveco_all_all_standard_emulator/obj/foundation/arkui/ace_engine/frameworks/bridge/declarative_frontend/stateMgmt.js:2259:1)
    at checkIsSupportedValue (/usr1/hmos_for_system/src/increment/sourcecode/out/generic_generic_x86_64only/deveco_all_all_standard_emulator/obj/foundation/arkui/ace_engine/frameworks/bridge/declarative_frontend/stateMgmt.js:6302:1)
    at SynchedPropertyOneWayPU (/usr1/hmos_for_system/src/increment/sourcecode/out/generic_generic_x86_64only/deveco_all_all_standard_emulator/obj/foundation/arkui/ace_engine/frameworks/bridge/declarative_frontend/stateMgmt.js:6808:1)
    at SynchedPropertyObjectOneWayPU (/usr1/hmos_for_system/src/increment/sourcecode/out/generic_generic_x86_64only/deveco_all_all_standard_emulator/obj/foundation/arkui/ace_engine/frameworks/bridge/declarative_frontend/stateMgmt.js:0:1)
    at ResultBlock (entry|entry|1.0.0|src/main/ets/pages/ToolsPage.ts:52:1)
    at anonymous (entry|entry|1.0.0|src/main/ets/pages/ToolsPage.ts:604:1)
    at updateFunc (/usr1/hmos_for_system/src/increment/sourcecode/out/generic_generic_x86_64only/deveco_all_all_standard_emulator/obj/foundation/arkui/ace_engine/frameworks/bridge/declarative_frontend/stateMgmt.js:8531:1)
    at observeComponentCreation2 (/usr1/hmos_for_system/src/increment/sourcecode/out/generic_generic_x86_64only/deveco_all_all_standard_emulator/obj/foundation/arkui/ace_engine/frameworks/bridge/declarative_frontend/stateMgmt.js:8558:1)
    at pingToolCard (entry|entry|1.0.0|src/main/ets/pages/ToolsPage.ts:602:18)
    at initialRender (entry|entry|1.0.0|src/main/ets/pages/ToolsPage.ts:886:9)
    at initialRenderView (/usr1/hmos_for_system/src/increment/sourcecode/out/generic_generic_x86_64only/deveco_all_all_standard_emulator/obj/foundation/arkui/ace_engine/frameworks/bridge/declarative_frontend/stateMgmt.js:8062:1)

HiLog:
11-17 16:26:39.207 13518 13617 W C01653/NativePreferences: LoadFromDisk: The settingXml /***/el1/***/i18*** load failed.
11-17 16:26:39.207 13518 13518 W C01317/AppKit: [main_thread.cpp:4055]reason Error loading shared library /system/lib64/liblayered_parameters_manager.z.so: No such file or directoryn
11-17 16:26:39.208 13518 13518 W C01301/Ability: [resource_config_helper.cpp:183]invalid source:
11-17 16:26:39.208 13518 13518 W C01301/Ability: [resource_config_helper.cpp:183]invalid source:
11-17 16:26:39.208 13518 13518 I C01317/AppKit: [application_cleaner.cpp:94]ClearTempData
11-17 16:26:39.210 13518 13518 W C01317/AppKit: [js_ability_stage.cpp:227]null stage
11-17 16:26:39.210 13518 13518 W C01317/AppKit: [js_ability_stage.cpp:239]Not found AbilityStage.js
11-17 16:26:39.235 13518 13518 I C01332/UIAbility: [js_ui_ability.cpp:348]called
11-17 16:26:39.235 13518 13518 I C03f00/ArkCompiler: [ecmascript] start to execute module buffer with secure memory: /data/storage/el1/bundle/entry/ets/entryability/EntryAbility.abc
11-17 16:26:39.251 13518 13518 E C03f00/ArkCompiler: [common] Can not open xpm proc file, do not check secure memory anymore.
11-17 16:26:39.368 13518 13518 E C01707/CONCUR: [Interface] task 13585 apply qos failed, errno = 4
11-17 16:26:39.394 13518 13518 E C01707/CONCUR: [Interface] task 13586 apply qos failed, errno = 4
11-17 16:26:39.445 13518 13518 E C01707/CONCUR: [Interface] task 13584 apply qos failed, errno = 4
11-17 16:26:39.445 13518 13586 W C03f00/ArkCompiler: [ecmascript] set label failed! level: s1, file: /data/storage/ark-profile/rt_entry.ap
11-17 16:26:39.445 13518 13586 I C03f00/ArkCompiler: [pgo] will save profiler to file /data/storage/ark-profile/rt_entry.ap
11-17 16:26:39.453 13518 13518 E C01707/CONCUR: [Interface] task 13585 apply qos failed, errno = 4
11-17 16:26:39.465 13518 13518 E C01707/CONCUR: [Interface] task 13586 apply qos failed, errno = 4
11-17 16:26:39.479 13518 13518 E C01707/CONCUR: [Interface] task 13584 apply qos failed, errno = 4
11-17 16:26:39.482 13518 13518 I C01320/JsEnv: [js_environment.cpp:290]timing: 247
11-17 16:26:39.483 13518 13518 I C01320/JSENV: Callee constructor is OK string
11-17 16:26:39.483 13518 13518 I C01320/JSENV: Ability::constructor callee is object [object Object]
11-17 16:26:39.505 13518 13518 I C01332/UIAbility: [js_ui_ability.cpp:393]End
11-17 16:26:39.505 13518 13518 I C01332/UIAbility: [ui_ability_thread.cpp:169]Lifecycle:Attach
11-17 16:26:39.521 13518 13582 W C01719/ffrt: 4:RecordWorkerStatusInfo:494 start:qos:0 cnt:1 tids:13619 qos:2 cnt:1 tids:13581 qos:3 cnt:1 tids:13597
11-17 16:26:39.525 13518 13559 E C01317/AppKit: [main_thread.cpp:501]null Watch dog
11-17 16:26:39.527 13518 13518 I C01317/AppKit: [main_thread.cpp:2664]called
11-17 16:26:39.528 13518 13518 I C03f00/ArkCompiler: [gc] app is not inBackground
11-17 16:26:39.528 13518 13518 E C01707/CONCUR: [Interface] task 13585 apply qos failed, errno = 4
11-17 16:26:39.528 13518 13518 E C01707/CONCUR: [Interface] task 13586 apply qos failed, errno = 4
11-17 16:26:39.528 13518 13518 E C01707/CONCUR: [Interface] task 13584 apply qos failed, errno = 4
11-17 16:26:39.544 13518 13559 I C01332/UIAbility: [ui_ability_thread.cpp:317]name:EntryAbility,targeState:5,isNewWant:0
11-17 16:26:39.544 13518 13518 I C01332/UIAbility: [ui_ability_thread.cpp:236]Lifecycle:name EntryAbility
11-17 16:26:39.544 13518 13518 I C04201/DMS: [] AddDisplayIdFromAms(964): abilityToken and display[0] has been added.
11-17 16:26:39.546 13518 13518 I C01332/UIAbility: [js_ui_ability.cpp:1845]JsUIAbility call js, name: onCreate
11-17 16:26:39.547 13518 13518 I C01317/AppKit: [ohos_application.cpp:986]current 2, pre 0
11-17 16:26:39.547 13518 13518 W C01317/AppKit: [ohos_application.cpp:1015]fontSize empty
11-17 16:26:39.547 13518 13518 I C01317/AppKit: [ohos_application.cpp:1046]current 2, pre 0
11-17 16:26:39.547 13518 13518 W C01317/AppKit: [ohos_application.cpp:1050]language empty
11-17 16:26:39.547 13518 13518 W C01317/AppKit: [ohos_application.cpp:1069]language and locale empty
11-17 16:26:39.547 13518 13518 I C01317/AppKit: [ohos_application.cpp:267]configuration_: {"0#const.build.characteristics":"phone","0#input.pointer.device":"true","0#ohos.app.fontSizeScale":"nonFollowSystem","0#ohos.application.densitydpi":"xxxldpi","0#ohos.application.direction":"vertical","0#ohos.application.displayid":"0","0#ohos.system.colorMode":"light","0#ohos.system.colorMode.isSetByApp":"isSetByApp","0#ohos.system.fontSizeScale":"1.0","0#ohos.system.fontWeightScale":"1.0","0#ohos.system.hour":"false","0#ohos.system.language":"zh-Hans-CN","0#ohos.system.locale":"zh-Hans-CN"}, config: {"0#ohos.system.colorMode":"light","0#ohos.system.colorMode.isSetByApp":"isSetByApp"}
11-17 16:26:39.547 13518 13518 E C04217/WMSAttribute: [] UpdateConfigurationSyncForAll(255): root is null
11-17 16:26:39.547 13518 13518 I C01332/UIAbility: [js_ui_ability.cpp:1845]JsUIAbility call js, name: onConfigurationUpdated
11-17 16:26:39.547 13518 13518 I C01332/UIAbility: [js_ui_ability.cpp:1890]end, name: onConfigurationUpdated, time: 0
11-17 16:26:39.547 13518 13518 I C01332/UIAbility: [js_ui_ability.cpp:1845]JsUIAbility call js, name: onConfigurationUpdate
11-17 16:26:39.547 13518 13518 I C01332/UIAbility: [js_ui_ability.cpp:1890]end, name: onConfigurationUpdate, time: 0
11-17 16:26:39.547 13518 13518 W C01317/AppKit: [js_ability_stage.cpp:806]Not found AbilityStage.js
11-17 16:26:39.547 13518 13518 W C01317/AppKit: [js_ability_stage.cpp:806]Not found AbilityStage.js
11-17 16:26:39.547 13518 13518 I C01317/AppKit: [ohos_application.cpp:291]ignoreWindowContext size 0
11-17 16:26:39.547 13518 13518 E C04217/WMSAttribute: [] UpdateConfigurationForAll(219): root is null
11-17 16:26:39.547 13518 13518 I C01653/PreferencesJsKit: GetContextMode: set gContextNode: 1, status: 0,
11-17 16:26:39.551 13518 13518 I A00000/[EntryAbility]: Ability onCreate
11-17 16:26:39.551 13518 13518 I C01332/UIAbility: [js_ui_ability.cpp:1890]end, name: onCreate, time: 5
11-17 16:26:39.556 13518 13518 E C01332/UIAbility: [ui_ability_impl.cpp:305]hasSaveData_: false
11-17 16:26:39.556 13518 13617 W C01653/NativePreferences: LoadFromDisk: The settingXml /***/el2/***/kess***ount load failed.
11-17 16:26:39.586 13518 13518 W C01332/UIAbility: [js_ui_ability.cpp:1085]formatRegex: []
11-17 16:26:39.586 13518 13518 I C04202/WMSMain: [] Init(93): WindowScene with window session!
11-17 16:26:39.586 13518 13518 I C04202/WMSMain: [] Init(103): set isModuleAbilityHookEnd
11-17 16:26:39.586 13518 13518 I C04204/WMSScb: []: RS multi-instance enabled: 1, deviceType phone
11-17 16:26:39.587 13518 13518 I C01406/OHOS::RS: multi-instance, create RSUIContextManager, isMultiInstanceOpen_ 1
11-17 16:26:39.589 13518 13518 I C04204/WMSScb: [] InitRSUIDirector(492): Create RSUIDirector: RSUIDirector's RSUIContext [token: 58059367907329, tid: 13518], rsUIContext: RSUIContext is null
11-17 16:26:39.617 13518 13518 I C01406/OHOS::RS: RSLogManager init log flag: 0x0(0)
11-17 16:26:39.617 13518 13518 I C01406/OHOS::RS: RSFrameRateLinker::Create id: 58059367907328
11-17 16:26:39.617 13518 13518 I C04202/WMSMain: [] VsyncStation(60): id 58059367907330 created
11-17 16:26:39.617 13518 13518 I C04200/WindowSceneSessionImpl: (152)WindowSceneSessionImpl: [WMSCom] Constructor ssh0
11-17 16:26:39.617 13518 13518 E C04200/WMS: [] SetWindowType(2822): permission denied!
11-17 16:26:39.617 13518 13518 I C0420a/WMSLife: [] Create(600): Window Create name:ssh0, state:0, mode:0
11-17 16:26:39.669 13518 13518 I C0420a/WMSLife: [] Create(614): SetIsAbilityHookOff 0
11-17 16:26:39.669 13518 13518 W C0420a/WMSLife: [] IsWindowSessionInvalid(508): already destroyed or not created! id: 0 state_: 0
11-17 16:26:39.669 13518 13518 W C04200/WindowSceneSessionImpl: (5174)AdjustWindowAnimationFlag: session invalid!
11-17 16:26:39.669 13518 13518 I C04200/WindowSceneSessionImpl: (619)Remove window flag WINDOW_FLAG_SHOW_WHEN_LOCKED
11-17 16:26:39.672 13518 13518 I C0420a/WMSLife: [] Connect(659): in
11-17 16:26:39.674 13518 13559 I C04208/WMSLayout: [] NotifyAppHookWindowInfoUpdated(6936): in
11-17 16:26:39.677 13518 13559 I C04208/WMSLayout: [] SetAppHookWindowInfo(2116): Id:0, preHookWindowInfo:[enableHookWindow: false, widthHookRatio: 1.000000], newHookWindowInfo:[enableHookWindow: false, widthHookRatio: 1.000000]
11-17 16:26:39.677 13518 13518 I C04208/WMSLayout: [] Connect(307): updateRect when connect.preRect:[0,0,0,0]rect:[0,0,1316,2832]
11-17 16:26:39.679 13518 13559 I C0421d/WMSRotation: [] SetCurrentRotation(7782): currentRotation: 0
11-17 16:26:39.679 13518 13559 I C04208/WMSLayout: [] UpdateRect(1080): [0 0 1316 2832], preRect:[0 0 1316 2832], reason:0,[name:ssh0, id:37], clientDisplayId: 0
11-17 16:26:39.679 13518 13518 I C0420a/WMSLife: [] Connect(677): Window Connect [name:ssh0, id:37, type:1], ret:0
11-17 16:26:39.680 13518 13559 W C04208/WMSLayout: [] NotifySingleHandTransformChange(7168): id:37, uiContent is nullptr
11-17 16:26:39.681 13518 13518 I C04208/WMSLayout: [] NotifyWindowStatusChange(7006): id:37, windowMode:1, windowStatus:1, lastWindowStatus:0, skipRedundantWindowStatusNotifications:0
11-17 16:26:39.684 13518 13518 I C04208/WMSLayout: [] SetConfigWindowLimitsVP(2076): id:37, windowLimits:[0 0 0 0 0.000000 0.000000 1.000000]
11-17 16:26:39.685 13518 13518 I C04208/WMSLayout: [] GetSystemSizeLimits(1399): maxWidth: 6720, minWidth: 1120, maxHeight: 6720, minHeight: 840, maxFloatingWindowSize: 1920, vpr: 3.500000
11-17 16:26:39.703 13518 13518 I C0421a/WMSLayoutPc: [] GetSupportedWindowModesConfiguration(1311): winId: 37, windowModeSupportType: 15
11-17 16:26:39.704 13518 13518 I C0420f/WMSRecover: [] RegisterSessionRecoverCallbackFunc(415): persistentId=37
11-17 16:26:39.704 13518 13518 I C04217/WMSAttribute: [] UpdateDefaultStatusBarColor(908): win=37, appColor=light
11-17 16:26:39.704 13518 13518 I C04209/WMSImms: [] SetSpecificBarProperty(3085): win [37 ssh0] type 2108 1 ffffff ff000000 0 4
11-17 16:26:39.705 13518 13518 I C04200/WMS: [] IsMainHandlerAvailable(516): id:37, isAvailable:1
11-17 16:26:39.705 13518 13518 I C04200/WMS: [] IsMainHandlerAvailable(516): id:37, isAvailable:1
11-17 16:26:39.705 13518 13518 I C02800/InputManagerImpl: [][SetWindowInputEventConsumer:361] enter
11-17 16:26:39.713 13518 13518 I C02800/MMIClient: [][OnConnected:267] Connection to server succeeded, fd:41
11-17 16:26:39.713 13518 13518 I C02800/MMIClient: [][AddFdListener:166] Server was listening
11-17 16:26:39.713 13518 13518 I C02800/MMIClient: [][StartEventRunner:127] reuse current event handler, thread name:
11-17 16:26:39.713 13518 13518 I C02800/MMIClient: [][StartEventRunner:130] File fd is in listening
11-17 16:26:39.713 13518 13518 I C02800/InputManagerImpl: [][SetWindowInputEventConsumer] leave
11-17 16:26:39.713 13518 13518 I C0420c/WMSEvent: [] AddInputWindow(189): SetWindowInputEventConsumer success, wid:37
11-17 16:26:39.713 13518 13518 I C0420c/WMSEvent: [] LoadGameController(137): in
11-17 16:26:39.717 13518 13518 I C04732/GameController: [(RegisterEntryModule:24)]begin load gamecontroller_event
11-17 16:26:39.717 13518 13518 I C04732/GameController: [(StartInputToTouch:53)]Begin StartInputToTouch
11-17 16:26:39.717 13518 13518 I C0420c/WMSEvent: [] LoadGameController(141): dlopen GameController success
11-17 16:26:39.717 13518 13518 I C04217/WMSAttribute: [] ConnectServer(68): start connect
11-17 16:26:39.718 13518 13518 W C04217/WMSAttribute: [] ConnectServer(72): noload fail: libark_connect_inspector.z.so
11-17 16:26:39.718 13518 13518 I C04217/WMSAttribute: [] ConnectServer(93): end connect
11-17 16:26:39.718 13518 13518 W C04217/WMSAttribute: [] RegisterGetWMSWindowListCallback(111): callback has registered
11-17 16:26:39.718 13518 13518 I C04217/WMSAttribute: [] RegisterGetWMSWindowListCallback(113): winId: 37
11-17 16:26:39.718 13518 13518 I C04217/WMSAttribute: [] UpdateColorMode(4323): winId: 37, colorMode: light
11-17 16:26:39.718 13518 13518 I C04217/WMSAttribute: [] UpdateColorMode(4338): winId: 37, colorMode: light, hasDarkRes: 1
11-17 16:26:39.718 13518 13518 I C0421c/WMSCompat: [] SetPcAppInpadSpecificSystemBarInvisible(695): isPcAppInpadSpecificSystemBarInvisible: 0
11-17 16:26:39.719 13518 13518 I C0421c/WMSCompat: [] SetPcAppInpadOrientationLandscape(714): isPcAppInpadOrientationLandscape: 0
11-17 16:26:39.719 13518 13518 E C04200/WMS: [singleton_container.cpp] GetSingleton(82): cant get OHOS::Rosen::WindowInfoReporter
11-17 16:26:39.720 13518 13518 I C01332/UIAbility: [js_ui_ability.cpp:1845]JsUIAbility call js, name: onWindowStageCreate
11-17 16:26:39.720 13518 13518 I A00000/[EntryAbility]: Ability onWindowStageCreate
11-17 16:26:39.720 13518 13518 I C04200/JsWindowStage: (110)LoadContent: [NAPI]
11-17 16:26:39.720 13518 13518 I C01332/UIAbility: [js_ui_ability.cpp:1890]end, name: onWindowStageCreate, time: 0
11-17 16:26:39.720 13518 13518 I C01332/UIAbility: [js_ui_ability.cpp:1845]JsUIAbility call js, name: onWillForeground
11-17 16:26:39.720 13518 13518 I C01332/UIAbility: [js_ui_ability.cpp:1890]end, name: onWillForeground, time: 0
11-17 16:26:39.720 13518 13518 I C04202/WMSMain: [] GoForeground(159): reason: 4
11-17 16:26:39.720 13518 13518 I C0420a/WMSLife: [] Show(1579): Window show [name: ssh0, id: 37, type: 1], reason: 4, state:1, requestState:1
11-17 16:26:39.721 13518 13518 I C04208/WMSLayout: [] GetSystemSizeLimits(1399): maxWidth: 6720, minWidth: 1120, maxHeight: 6720, minHeight: 840, maxFloatingWindowSize: 1920, vpr: 3.500000
11-17 16:26:39.721 13518 13518 I C04208/WMSLayout: [] UpdateNewSize(5699): fullscreen or compatible mode could not update new size, Id: 37
11-17 16:26:39.722 13518 13518 I C04217/WMSAttribute: [] IsSystemDensityChanged(6609): windowId: 37, lastDensity: -1.000000, currDensity: 3.500000
11-17 16:26:39.722 13518 13655 I C04732/GameController: [(GetSelfBundleName:49)]The current bundleName [cn.zwjkeke.ssh]. version [1.2.29]
11-17 16:26:39.722 13518 13655 I C04732/GameController: [(IsCommonApp:85)]The [cn.zwjkeke.ssh] is a common app.
11-17 16:26:39.722 13518 13655 I C01719/ffrt: 5:QueueMonitor:46 timeout:30000000 us
11-17 16:26:39.722 13518 13655 I C01719/ffrt: 6:QueueHandler:71 construct sq_KeyMappingServiceHandleQueue_1 succ, qos[2]
11-17 16:26:39.722 13518 13655 W C04732/GameController: [(ReadJsonFromFile:182)]realpath failed for [/data/service/el1/public/for-all-app/gamecontroller_server/game_support_key_mapping.json]
11-17 16:26:39.722 13518 13655 I C04732/GameController: [(DoAsyncTask:67)]The app does not support input-to-touch feature.
11-17 16:26:39.723 13518 13518 W C04200/WindowSessionImpl: (1715)UpdateViewportConfig: uiContent is null!
11-17 16:26:39.727 13518 13518 I C01332/UIAbility: [ui_ability_impl.cpp:430]wnd call, AfterForeground
11-17 16:26:39.727 13518 13518 W C0420a/WMSLife: [] GetAttachStateSyncResult(4723): lifecycleCallback is null
11-17 16:26:39.738 13518 13518 I C01406/OHOS::RS: RSFrameRateLinker::Create id: 58059367907329
11-17 16:26:39.746 13518 13654 I C04207/WMSFocus: [] UpdateFocus(1499): focus: 1, id: 37
11-17 16:26:39.752 13518 13518 I C01706/rtg_interface: rtg fOpen fail, errno = 2(No such file or directory)
11-17 16:26:39.753 13518 13518 I C01706/RsFrameReportExt: RsFrameReportExt:[LoadLibrary] load library success!
11-17 16:26:39.753 13518 13518 I C01706/RsFrameReportExt: RsFrameReportExt:[Init] dlopen libframe_ui_intf.so success!
11-17 16:26:39.753 13518 13518 E C01706/ueaClient-RmeCoreSched: [Init]: do not enabled!ret: -1
11-17 16:26:39.753 13518 13518 I C01706/ueaClient-FrameMsgMgr: [Init]:inited success!
11-17 16:26:39.753 13518 13518 I C01706/ueaClient-FrameUiIntf: [Init]:ret:1, inited:1
11-17 16:26:39.753 13518 13559 I C04207/WMSFocus: [] NotifyHighlightChange(2533): windowId: 37, isHighlight: 1,
11-17 16:26:39.753 13518 13518 I C04217/WMSAttribute: [] InitWaterfallMode(4136): winId: 37
11-17 16:26:39.753 13518 13518 I C04217/WMSAttribute: [] NotifyWaterfallModeChange(4188): winId: 37, waterfall: 0, stat: 2
11-17 16:26:39.753 13518 13518 I C0420a/WMSLife: [] NotifyAfterDidForeground(4749): reason: 4
11-17 16:26:39.753 13518 13518 I C04202/WMSMain: [] NotifyFreeMultiWindowModeResume(1701): IsPcMode 0, isColdStart 1
11-17 16:26:39.753 13518 13518 I C0420a/WMSLife: [] Show(1644): Window show success [name:ssh0, id:37, type:1]
11-17 16:26:39.753 13518 13518 I C04208/WMSLayout: [] NotifyWindowStatusChange(7006): id:37, windowMode:1, windowStatus:1, lastWindowStatus:1, skipRedundantWindowStatusNotifications:0
11-17 16:26:39.753 13518 13518 I C04208/WMSLayout: [] NotifyWindowStatusDidChange(7048): Id:37, WindowMode:1, windowStatus:1, lastWindowStatus:0, listenerSize:0, rect:[0 0 1316 2832]
11-17 16:26:39.753 13518 13518 W C04201/DMS: [] OnDisplayInfoChange(91): data is not changed.
11-17 16:26:39.754 13518 13518 I C01332/UIAbility: [js_ui_ability.cpp:1845]JsUIAbility call js, name: onForeground
11-17 16:26:39.754 13518 13518 I A00000/[EntryAbility]: Ability onForeground
11-17 16:26:39.754 13518 13518 I C01332/UIAbility: [js_ui_ability.cpp:1890]end, name: onForeground, time: 0
11-17 16:26:39.758 13518 13559 W C04208/WMSLayout: [] NotifySingleHandTransformChange(7168): id:37, uiContent is nullptr
11-17 16:26:39.763 13518 13518 I C0420a/WMSLife: []: NotifyAfterDidForeground execute
11-17 16:26:39.763 13518 13518 I C01332/UIAbility: [js_ui_ability.cpp:1845]JsUIAbility call js, name: onDidForeground
11-17 16:26:39.763 13518 13518 I C01332/UIAbility: [js_ui_ability.cpp:1890]end, name: onDidForeground, time: 0
11-17 16:26:39.763 13518 13518 I C04202/WMSMain: [] GoResume(170): in
11-17 16:26:39.763 13518 13518 I C0420a/WMSLife: [] Resume(1711): in, isColdStart: 1, isDidForeground: 0
11-17 16:26:39.763 13518 13518 I C0420a/WMSLife: [] NotifyAfterLifecycleResumed(5006): in
11-17 16:26:39.763 13518 13518 I C0420a/WMSLife: [] SetUIContentInner(2145): pages/Index, state:2, persistentId: 37
11-17 16:26:39.763 13518 13518 I C0420a/WMSLife: [] SetUIContentComplete(7325): persistentId=37
11-17 16:26:39.763 13518 13518 I C03900/Ace: [(-1:-1:undefined)] CreateUIContent.
11-17 16:26:39.763 13518 13518 I C03934/AceUIEvent: [(-1:-1:undefined)] report ace loaded
11-17 16:26:39.763 13518 13518 I C01719/ffrt: 7:QueueHandler:71 construct sq_EventHandler_QUEUE_2 succ, qos[2]
11-17 16:26:39.777 13518 13518 I C04707/HaAceEngine: OnAceLoaded end
11-17 16:26:39.777 13518 13518 W C0391f/AceImage: [(-2:-1:undefined)] mkdir cache file path failed.
11-17 16:26:39.779 13518 13518 I C03900/Ace: [(-2:-1:undefined)] Create ace bg threads pool.
11-17 16:26:39.779 13518 13518 I C03900/Ace: [(-2:-1:undefined)] Init RenderService UniRender Type:0
11-17 16:26:39.779 13518 13518 I C03900/Ace: [(-2:-1:undefined)] [cn.zwjkeke.ssh][entry][-1]: UIContent: apiCompatibleVersion: 50000012, apiTargetVersion: 50000012, and apiReleaseType: Release, useNewPipe: 1
11-17 16:26:39.779 13518 13581 W C04707/HaClient: =========Invalid Client=========
11-17 16:26:39.787 13518 13657 E C01317/AppKit: [main_thread.cpp:3931]null Watch dog
11-17 16:26:39.790 13518 13657 I C04200/WindowSessionImpl: (7147)NotifyTransformChange: in
11-17 16:26:39.798 13518 13518 I C02c03/PARAM_WATCHER: [watcher_manager_kits.cpp:176]Add watcher keyPrefix persist.sys.arkui.animationscale remoteWatcherId 42 success
11-17 16:26:39.818 13518 13518 E C03900/Ace: [(-2:-1:undefined)] ConfigXMLParserBase read system file failed
11-17 16:26:39.818 13518 13518 W C03900/Ace: [(-2:-1:undefined)] ArkUiFeatureParamManager failed to load xml file
11-17 16:26:39.831 13518 13518 I C03900/Ace: [(-2:-1:undefined)] SetLocale language tag: zh-CN, select language: zh-CN
11-17 16:26:39.831 13518 13518 I C03900/Ace: [(-2:-1:undefined)] [cn.zwjkeke.ssh][entry][-1]: SetLanguage: zh, colorMode: light, deviceAccess: 1
11-17 16:26:39.831 13518 13518 I C03900/Ace: [(-2:-1:undefined)] [cn.zwjkeke.ssh][entry][-1]: Initialize UIContent isModelJson:true
11-17 16:26:39.832 13518 13518 I C03900/Ace: [(100000:100000:scope)] SetHapPath, Use hap path to load resource
11-17 16:26:39.833 13518 13518 I C04217/WMSAttribute: [] RegisterWaterfallModeChangeListener(4144): winId: 37
11-17 16:26:39.834 13518 13518 I C04200/WMS: [] GetSurfaceNode(2347): name:ssh0, id:37
11-17 16:26:39.834 13518 13518 I C04200/WMS: [] GetSurfaceNode(2347): name:ssh0, id:37
11-17 16:26:39.834 13518 13518 I C03900/Ace: [(100000:100000:scope)] SetRSSurfaceNode 58059367907330 with rs multi
11-17 16:26:39.848 13518 13518 I C03900/Ace: [(100000:100000:scope)] CleanUpIdleTask is a valid function
11-17 16:26:39.874 13518 13518 W C03900/Ace: [(100000:100000:scope)] Invalid config:zh_CN-long-notround-vertical-light-phone-xxxhdpi
11-17 16:26:39.876 13518 13518 I C01406/OHOS::RS: RSSurfaceNode::SetAbilityState, surfaceNodeId:[58059367907330], ability state: background
11-17 16:26:39.876 13518 13518 I C03900/Ace: [(100000:100000:scope)] set translateManager to pipeline, instanceId:100000
11-17 16:26:39.876 13518 13518 I C0421d/WMSRotation: [] RegisterOrientationChangeListener(7122): in
11-17 16:26:39.877 13518 13518 I C03900/Ace: [(100000:100000:scope)] AddPersistAfterLayoutTask size: 1
11-17 16:26:39.877 13518 13518 I C03919/AceInputTracking: [(100000:100000:scope)] Debug touch pass mode 0
11-17 16:26:39.882 13518 13518 I C03937/AceResource: [(100000:100000:scope)] ResourceAdapter UpdateResConfig with colorMode light
11-17 16:26:39.883 13518 13518 W C03900/Ace: [(100000:100000:scope)] not found systemTheme in HapModuleInfo, loading default OHOS_THEME
11-17 16:26:39.883 13518 13518 I C03900/Ace: [(100000:100000:scope)] Cannot Get File List from resources/styles/
11-17 16:26:39.883 13518 13518 W C03900/Ace: [(100000:100000:scope)] GetAsset failed: resources/styles/default.json
11-17 16:26:39.920 13518 13518 I C03900/Ace: [(100000:100000:scope)] root node OnAttachToFrameNode, id:0
11-17 16:26:39.920 13518 13518 I C03900/Ace: [(100000:100000:scope)] Rosenwindow set root, rsId:58059367907331
11-17 16:26:39.921 13518 13518 I C02220/IntentionClient: in Connect, enter
11-17 16:26:39.921 13518 13518 I C02220/IntentionClient: in Connect, Connecting IntentionService success
11-17 16:26:39.922 13518 13518 I C02220/IntentionClient: in Connect, leave
11-17 16:26:39.923 13518 13518 E C01d02/accessibility_asacfwk: [(AccessibilitySystemAbilityClientImpl:57)]accessibility service is ready.
11-17 16:26:39.930 13518 13518 I C02c03/PARAM_WATCHER: [watcher_manager_kits.cpp:176]Add watcher keyPrefix accessibility.config.ready remoteWatcherId 42 success
11-17 16:26:39.932 13518 13518 I C03900/Ace: [(100000:100000:scope)] focusWindowId: 0, realHostWindowId: 0
11-17 16:26:39.932 13518 13518 I C03900/Ace: [(100000:100000:scope)] [cn.zwjkeke.ssh][entry][100000]: window focus
11-17 16:26:39.952 13518 13518 I C02c03/PARAM_WATCHER: [watcher_manager_kits.cpp:176]Add watcher keyPrefix debug.graphic.frame remoteWatcherId 42 success
11-17 16:26:39.954 13518 13518 E C01719/ffrt: 8:Load:62 load so[lib_cpuboost.so] fail
11-17 16:26:39.954 13518 13518 E C03900/Ace: [(100000:100000:scope)] ERROR EACCES
11-17 16:26:39.954 13518 13518 E C03900/Ace: [(100000:100000:scope)] ERROR EACCES
11-17 16:26:39.954 13518 13518 I C03900/Ace: [(100000:100000:scope)] ArkUIInvisibleFreeze: 0
11-17 16:26:39.954 13518 13518 I C03900/Ace: [(100000:100000:scope)] [cn.zwjkeke.ssh][entry][100000]: SetMinPlatformVersion is 50000012
11-17 16:26:39.955 13518 13518 I C04209/WMSImms: [] RegisterAvoidAreaChangeListener(5415): win 37
11-17 16:26:39.956 13518 13518 E C04201/IMockSessionManager: Read result failed, code is: 3.
11-17 16:26:39.957 13518 13518 E C04201/IMockSessionManager: Read result failed, code is: 5.
11-17 16:26:39.966 13518 13657 I C04208/WMSLayout: [] UpdateRect(1080): [0 0 1316 2832], preRect:[0 0 1316 2832], reason:23,[name:ssh0, id:37], clientDisplayId: 0
11-17 16:26:39.968 13518 13518 I C04209/WMSImms: [] GetAvoidAreaByType(2817): win [37 ssh0] type 0 times 1 area top [0 0 1316 136] 
11-17 16:26:39.969 13518 13518 I C04209/WMSImms: [] GetAvoidAreaByType(2817): win [37 ssh0] type 1 times 2 area top [512 37 292 83] 
11-17 16:26:39.970 13518 13518 I C04209/WMSImms: [] GetAvoidAreaByType(2817): win [37 ssh0] type 4 times 3 area bottom [427 2734 462 98] 
11-17 16:26:39.971 13518 13518 I C03917/AceSafeArea: [(100000:100000:scope)] InitializeSafeArea systemInsets:SafeAreaInsets left_: [start: 0, end: 0], top_: [start: 0, end: 136], right_: [start: 0, end: 0], bottom_: [start: 0, end: 0], cutoutInsets:SafeAreaInsets left_: [start: 0, end: 0], top_: [start: 37, end: 120], right_: [start: 0, end: 0], bottom_: [start: 0, end: 0], navInsets:SafeAreaInsets left_: [start: 0, end: 0], top_: [start: 0, end: 0], right_: [start: 0, end: 0], bottom_: [start: 2734, end: 2832]
11-17 16:26:39.972 13518 13518 I C0394e/AceWindow: [(100000:100000:scope)] Initialize displayId: 0, availableRect: [0, 0, 1316, 2832]
11-17 16:26:39.973 13518 13518 I C03900/Ace: [(100000:100000:scope)] Failed to open libthp_extra_innerapi.z.so, reason: Error loading shared library /system/lib64/libthp_extra_innerapi.z.so: No such file or directory
11-17 16:26:39.973 13518 13518 I C03900/Ace: [(-2:100000:singleton)] [cn.zwjkeke.ssh][entry][100000]: Initialize: pages/Index
11-17 16:26:39.973 13518 13518 I C03900/Ace: [(100000:100000:scope)] RunPage:pages/Index
11-17 16:26:39.973 13518 13518 W C03900/Ace: [(100000:100000:scope)] GetAsset failed: manifest.json
11-17 16:26:39.973 13518 13518 I C04200/WMS: [] InitUIContent(1994): [0, 0]
11-17 16:26:39.973 13518 13518 I C04208/WMSLayout: [] SetUIContentInner(2166): single hand, id:37, posX:0, posY:0, scaleX:1.000000, scaleY:1.000000
11-17 16:26:39.973 13518 13665 I C03951/InputKeyFlow: [(-1:100000:singleton)] Subscribe touch.events.pass.through Event
11-17 16:26:39.974 13518 13518 I C04219/WMSDecor: [] UpdateDecorEnable(2315): decorVisible:1, id: 37
11-17 16:26:39.974 13518 13518 I C03900/Ace: [(-2:100000:singleton)] [cn.zwjkeke.ssh][entry][100000]: UpdateWindowVisible: 1, hasDecor: 0
11-17 16:26:39.974 13518 13518 I C03900/Ace: [(-2:100000:singleton)] [cn.zwjkeke.ssh][entry][100000]: NotifyWindowMode mode = 1
11-17 16:26:39.975 13518 13665 I C01719/ffrt: 9:QueueHandler:71 construct sq_cesResubMain_3 succ, qos[2]
11-17 16:26:39.977 13518 13664 I C02c03/PARAM_WATCHER: [watcher_manager_kits.cpp:176]Add watcher keyPrefix persist.ace.trace.layout.enabled remoteWatcherId 42 success
11-17 16:26:39.977 13518 13664 I C02c03/PARAM_WATCHER: [watcher_manager_kits.cpp:176]Add watcher keyPrefix persist.ace.trace.inputevent.enabled remoteWatcherId 42 success
11-17 16:26:39.997 13518 13664 I C02c03/PARAM_WATCHER: [watcher_manager_kits.cpp:176]Add watcher keyPrefix const.security.developermode.state remoteWatcherId 42 success
11-17 16:26:39.998 13518 13664 I C02c03/PARAM_WATCHER: [watcher_manager_kits.cpp:176]Add watcher keyPrefix persist.ace.debug.statemgr.enabled remoteWatcherId 42 success
11-17 16:26:39.998 13518 13518 I C03900/Ace: [(-2:100000:singleton)] [cn.zwjkeke.ssh][entry][100000]: window foreground
11-17 16:26:39.999 13518 13518 I C03900/Ace: [(100000:100000:scope)] Update application state , state: ON_SHOW
11-17 16:26:39.999 13518 13518 I C01406/OHOS::RS: RSSurfaceNode::SetAbilityState, surfaceNodeId:[58059367907330], ability state: foreground
11-17 16:26:39.999 13518 13518 I C03900/Ace: [(100000:100000:scope)] ArkUI requests first Vsync.
11-17 16:26:39.999 13518 13518 I C04202/WMSMain: [] RequestVsync(138): First vsync has requested, nodeId: 58059367907330
11-17 16:26:39.999 13518 13518 I C03959/AceLayout: [(-2:100000:singleton)] [cn.zwjkeke.ssh][entry][100000]: UpdateViewportConfig Viewport config: size: (1316, 2832) orientation: 0 density: 3.500000 position: (0, 0) transformHint: 0 displayId: 0, windowSizeChangeReason 0, is rsTransaction nullptr 1, , keyboardInfo is null
11-17 16:26:39.999 13518 13518 I C04208/WMSLayout: [] UpdateViewportConfig(1736): Id: 37, reason: 0, windowRect: [0 0 1316 2832], displayOrientation: 0, config[0, 0, 0, 3.500000]
11-17 16:26:39.999 13518 13518 I C03900/Ace: [(-2:100000:singleton)] [cn.zwjkeke.ssh][entry][100000]: window focus
11-17 16:26:39.999 13518 13518 I C03900/Ace: [(-2:100000:singleton)] [cn.zwjkeke.ssh][entry][100000]:window active
11-17 16:26:39.999 13518 13518 I C04208/WMSLayout: [] NotifyAfterUIContentReady(1300): Renotify transform, id:37, scaleX:1.000000, scaleY:1.000000
11-17 16:26:40.000 13518 13664 I C02c03/PARAM_WATCHER: [watcher_manager_kits.cpp:176]Add watcher keyPrefix persist.ace.debug.boundary.enabled remoteWatcherId 42 success
11-17 16:26:40.001 13518 13664 I C02c03/PARAM_WATCHER: [watcher_manager_kits.cpp:176]Add watcher keyPrefix persist.ace.performance.monitor.enabled remoteWatcherId 42 success
11-17 16:26:40.003 13518 13664 I C02c03/PARAM_WATCHER: [watcher_manager_kits.cpp:176]Add watcher keyPrefix persist.gesture.smart_gesture_enable remoteWatcherId 42 success
11-17 16:26:40.004 13518 13518 I A00000/[EntryAbility]: Succeeded in loading the content.
11-17 16:26:40.006 13518 13518 I C04200/JsWindowStage: (426)Window [37, ssh0] load content end, ret=0
11-17 16:26:40.006 13518 13518 I C04209/WMSImms: [] NotifyAvoidAreaChange(5509): win 37 api 12 type 0 area top [0 0 1316 136] 
11-17 16:26:40.006 13518 13518 I C04209/WMSImms: [] NotifyAvoidAreaChange(5509): win 37 api 12 type 1 area top [512 37 292 83] 
11-17 16:26:40.006 13518 13518 I C04209/WMSImms: [] NotifyAvoidAreaChange(5509): win 37 api 12 type 2 area empty
11-17 16:26:40.006 13518 13518 I C04209/WMSImms: [] NotifyAvoidAreaChange(5509): win 37 api 12 type 3 area empty
11-17 16:26:40.006 13518 13518 I C04209/WMSImms: [] NotifyAvoidAreaChange(5509): win 37 api 12 type 4 area bottom [427 2734 462 98] 
11-17 16:26:40.007 13518 13518 I C03959/AceLayout: [(-2:100000:singleton)] [cn.zwjkeke.ssh][entry][100000]: UpdateViewportConfig Viewport config: size: (1316, 2832) orientation: 0 density: 3.500000 position: (0, 0) transformHint: 0 displayId: 0, windowSizeChangeReason 0, is rsTransaction nullptr 1, updateAvoidAreas size: 5[(0,top [0 0 1316 136] )(1,top [512 37 292 83] )(2,empty)(3,empty)(4,bottom [427 2734 462 98] )], keyboardInfo is null
11-17 16:26:40.007 13518 13518 I C04208/WMSLayout: [] UpdateViewportConfig(1736): Id: 37, reason: 0, windowRect: [0 0 1316 2832], displayOrientation: 0, config[0, 0, 0, 3.500000]
11-17 16:26:40.007 13518 13518 I C03900/Ace: [(100000:100000:scope)] Update application state , state: ON_ACTIVE
11-17 16:26:40.010 13518 13518 I C01d02/accessibility_asacfwk: [(SubscribeStateObserver:538)]Observer has subscribed!
11-17 16:26:40.010 13518 13518 I C01d02/accessibility_asacfwk: [(SubscribeStateObserver:538)]Observer has subscribed!
11-17 16:26:40.010 13518 13518 I C01d02/accessibility_asacfwk: [(SubscribeStateObserver:538)]Observer has subscribed!
11-17 16:26:40.010 13518 13518 I C0391c/AceFocus: [(100000:100000:scope)] Window: 37 get focus.
11-17 16:26:40.010 13518 13518 W C0391c/AceFocus: [(100000:100000:scope)] Current focus view can not found!
11-17 16:26:40.010 13518 13518 I C0391c/AceFocus: [(100000:100000:scope)] Request focus on rootFocusHub: root/0
11-17 16:26:40.011 13518 13518 I C03959/AceLayout: [(-2:100000:singleton)] [cn.zwjkeke.ssh][entry][100000]: UpdateViewportConfig Viewport config: size: (1316, 2832) orientation: 0 density: 3.500000 position: (0, 0) transformHint: 0 displayId: 0, windowSizeChangeReason 23, is rsTransaction nullptr 1, updateAvoidAreas size: 5[(0,top [0 0 1316 136] )(1,top [512 37 292 83] )(2,empty)(3,empty)(4,bottom [427 2734 462 98] )], keyboardInfo is null
11-17 16:26:40.011 13518 13518 I C04208/WMSLayout: [] UpdateViewportConfig(1736): Id: 37, reason: 23, windowRect: [0 0 1316 2832], displayOrientation: 0, config[0, 0, 0, 3.500000]
11-17 16:26:40.011 13518 13518 I C03925/AceRouter: [(100000:100000:scope)] Page router manager is creating page[1]: url: pages/Index path: pages/Index.js, recoverable: yes, namedRouter: no
11-17 16:26:40.035 13518 13518 E C01707/CONCUR: [Interface] task 13585 apply qos failed, errno = 4
11-17 16:26:40.068 13518 13518 E C01707/CONCUR: [Interface] task 13586 apply qos failed, errno = 4
11-17 16:26:40.075 13518 13518 E C01707/CONCUR: [Interface] task 13584 apply qos failed, errno = 4
11-17 16:26:40.082 13518 13518 E C01707/CONCUR: [Interface] task 13585 apply qos failed, errno = 4
11-17 16:26:40.102 13518 13518 E C01707/CONCUR: [Interface] task 13586 apply qos failed, errno = 4
11-17 16:26:40.113 13518 13518 E C01707/CONCUR: [Interface] task 13584 apply qos failed, errno = 4
11-17 16:26:40.115 13518 13518 I C03f01/NAPI: [(native_module_manager.cpp:638)(LoadNativeModule)] key is default/kessh
11-17 16:26:40.117 13518 13518 I A0d15c/KesshNative: Registering kessh module
11-17 16:26:40.117 13518 13518 I C03f01/NAPI: [(native_module_manager.cpp:305)(Register)] Tail module name is 'default/kessh'
11-17 16:26:40.117 13518 13518 I A0d15c/KesshNative: [MODULE INIT START] Initializing kessh native module
11-17 16:26:40.117 13518 13518 I A0d15c/KesshNative: [MODULE INIT START] Initializing kessh native module
11-17 16:26:40.117 13518 13518 I A0d15c/KesshNative: [MODULE INIT] Skipping libssh2 initialization, will init on first use
11-17 16:26:40.117 13518 13518 I A0d15c/KesshNative: [MODULE INIT] Defining properties...
11-17 16:26:40.117 13518 13518 I A0d15c/KesshNative: [MODULE INIT SUCCESS] Kessh native module initialized successfully
11-17 16:26:40.118 13518 13518 I A0d15c/KesshNative: [MODULE INIT SUCCESS] Kessh native module initialized successfully
11-17 16:26:40.132 13518 13518 I C03f01/NAPI: [(:951)(InitTaskManager)] taskpool:: apps do not use ffrt
11-17 16:26:40.132 13518 13518 W C03f01/NAPI: [(native_api.cpp:1913)(napi_wrap)] napi_wrap: current js_object has been wrapped.
11-17 16:26:40.133 13518 13518 W C03f01/NAPI: [(ark_native_engine.cpp:1352)(NapiDefineProperty)] occur exception, propertyName:encode
11-17 16:26:40.133 13518 13518 W C03f01/NAPI: [(ark_native_engine.cpp:1352)(NapiDefineProperty)] occur exception, propertyName:encodeInto
11-17 16:26:40.133 13518 13518 W C03f01/NAPI: [(ark_native_engine.cpp:1352)(NapiDefineProperty)] occur exception, propertyName:encodeIntoUint8Array
11-17 16:26:40.134 13518 13682 I C03301/LIBUV: init:2048
11-17 16:26:40.134 13518 13682 I C03301/LIBUV: init:2048, backend_fd:45
11-17 16:26:40.134 13518 13682 I C03301/LIBUV: open:2048, pipefd[0]:48
11-17 16:26:40.134 13518 13681 I C03f00/ArkCompiler: [pgo] initializing pgo profiler, pgo is disabled, worker is enabled, profiler: 0
11-17 16:26:40.135 13518 13682 I C03f01/NAPI: [(:1764)(AddCountTraceForWorkerLog)] taskpool:: threads: 1, running: 1, idle: 0, timeout: 0
11-17 16:26:40.154 13518 13681 I C03f01/NAPI: [(ark_native_engine.cpp:487)(ArkNativeEngine)] ArkNativeEngine is created, id 2
11-17 16:26:40.157 13518 13681 I C03301/LIBUV: init:1184
11-17 16:26:40.157 13518 13681 I C03301/LIBUV: init:1184, backend_fd:49
11-17 16:26:40.157 13518 13681 I C03301/LIBUV: open:1184, pipefd[0]:52
11-17 16:26:40.157 13518 13681 I C01e00/GLOBAL_I18N: RegisterIntl: Replace buildin Intl Success.
11-17 16:26:40.158 13518 13681 W C03f00/ArkCompiler: [ecmascript] invalid size of the string cache table or the table has been registered.
11-17 16:26:40.158 13518 13681 W C03f00/ArkCompiler: [ecmascript] Currently, maximum size of the table is 150
11-17 16:26:40.162 13518 13681 I C03900/Ace: [(-1:100000:singleton)] preload js enums in PreloadAceModuleWorker
11-17 16:26:40.175 13518 13518 W C03926/AceTheme: [(100000:100000:scope)] style 125829872 not contains tab_pattern!
11-17 16:26:40.183 13518 13681 I C01321/JsRuntime: [js_runtime_common.cpp:80]debug mode is 1, debug app is 0
11-17 16:26:40.183 13518 13681 I C01321/JsRuntime: [js_runtime_common.cpp:83]Create instanceId is 13681
11-17 16:26:40.183 13518 13681 W C01321/JsRuntime: [connect_server_manager.cpp:257]not Connected
11-17 16:26:40.183 13518 13681 W C01321/JsRuntime: [connect_server_manager.cpp:162]not Connected
11-17 16:26:40.183 13518 13681 I C03f00/ArkCompiler: [ecmascript] JSNApi::NotifyDebugMode, tid = 13681, debugApp = 0, isDebugMode = 0, instanceId = 13681
11-17 16:26:40.184 13518 13518 W C03926/AceTheme: [(100000:100000:scope)] style tab_pattern not contains default_tab_bar_name!
11-17 16:26:40.184 13518 13518 W C03926/AceTheme: [(100000:100000:scope)] style tab_pattern get attr dialog_radius_level10 error!
11-17 16:26:40.184 13518 13518 W C03926/AceTheme: [(100000:100000:scope)] style tab_pattern get attr dialog_icon_primary error!
11-17 16:26:40.184 13518 13518 W C03926/AceTheme: [(100000:100000:scope)] style tab_pattern get attr dialog_font_primary error!
11-17 16:26:40.185 13518 13518 W C03926/AceTheme: [(100000:100000:scope)] style 125829872 not contains swiper_pattern!
11-17 16:26:40.188 13518 13518 W C03926/AceTheme: [(100000:100000:scope)] style swiper_pattern get attr swiper_focus_style_type error!
11-17 16:26:40.188 13518 13518 W C03926/AceTheme: [(100000:100000:scope)] style swiper_pattern not contains swiper_indicator_drag_min_angle!
11-17 16:26:40.188 13518 13518 W C03926/AceTheme: [(100000:100000:scope)] style swiper_pattern not contains swiper_indicator_drag_max_angle!
11-17 16:26:40.193 13518 13518 W C03926/AceTheme: [(100000:100000:scope)] style 125829872 not contains focus_animation_pattern!
11-17 16:26:40.194 13518 13518 W C03926/AceTheme: [(100000:100000:scope)] style 125829872 not contains aging_adapation_dialog_pattern!
11-17 16:26:40.195 13518 13518 W C03926/AceTheme: [(100000:100000:scope)] style text_pattern not contains linear_split_child_min_size!
11-17 16:26:40.195 13518 13518 W C03926/AceTheme: [(100000:100000:scope)] style text_pattern not contains menu_celia_ask_is_support!
11-17 16:26:40.200 13518 13518 I C0391c/AceFocus: [(100000:100000:scope)] view: page/2 show
11-17 16:26:40.204 13518 13518 I C03922/AceNavigation: [(100000:100000:scope)] can't find inner navigation
11-17 16:26:40.207 13518 13518 I C03933/AceKeyboard: [(100000:100000:scope)] StageManager FrameNode notNeedSoftKeyboard.
11-17 16:26:40.207 13518 13518 I C03933/AceKeyboard: [(100000:100000:scope)] Container not SceneBoardWindow.
11-17 16:26:40.207 13518 13518 I C03925/AceRouter: [(100000:100000:scope)] LoadPage Success
11-17 16:26:40.207 13518 13518 I C0392a/AceUiExtensionComponent: [(-2:100000:singleton)] NotifyWindowMode aliveUIExtensions = 0
11-17 16:26:40.207 13518 13518 I C0394e/AceWindow: [(100000:100000:scope)] Update displayWindowRect in UpdateViewportConfig to : Rect (0.00, 0.00) - [1316.00 x 2832.00]
11-17 16:26:40.207 13518 13518 I C03917/AceSafeArea: [(100000:100000:scope)] SetIsFullScreen 1
11-17 16:26:40.207 13518 13518 I C03900/Ace: [(100000:100000:scope)] Root node request first frame.
11-17 16:26:40.207 13518 13518 I C03900/Ace: [(100000:100000:scope)] Update application state , state: ON_ACTIVE
11-17 16:26:40.207 13518 13518 I C01d02/accessibility_asacfwk: [(SubscribeStateObserver:538)]Observer has subscribed!
11-17 16:26:40.207 13518 13518 I C01d02/accessibility_asacfwk: [(SubscribeStateObserver:538)]Observer has subscribed!
11-17 16:26:40.207 13518 13518 I C01d02/accessibility_asacfwk: [(SubscribeStateObserver:538)]Observer has subscribed!
11-17 16:26:40.208 13518 13518 I C0391c/AceFocus: [(100000:100000:scope)] Window: 37 get focus.
11-17 16:26:40.208 13518 13518 I C03900/Ace: [(100000:100000:scope)] Update application state , state: ON_ACTIVE
11-17 16:26:40.212 13518 13518 I C01d02/accessibility_asacfwk: [(SubscribeStateObserver:538)]Observer has subscribed!
11-17 16:26:40.212 13518 13518 I C01d02/accessibility_asacfwk: [(SubscribeStateObserver:538)]Observer has subscribed!
11-17 16:26:40.212 13518 13518 I C01d02/accessibility_asacfwk: [(SubscribeStateObserver:538)]Observer has subscribed!
11-17 16:26:40.212 13518 13518 I C04202/WMSMain: [] VsyncCallbackInner(194): First vsync has come back, nodeId: 58059367907330
11-17 16:26:40.247 13518 13518 I C01408/Text: InitTextBundleConfig: Adapter text height enabled 0
11-17 16:26:40.277 13518 13518 W C03926/AceTheme: [(100000:100000:scope)] style 125829872 not contains divider_pattern!
11-17 16:26:40.297 13518 13518 W C03926/AceTheme: [(100000:100000:scope)] style 125829872 not contains image_pattern!
11-17 16:26:40.301 13518 13518 I C03900/Ace: [(100000:100000:scope)] ArkUi flush first frame messages.
11-17 16:26:40.304 13518 13518 I C0391c/AceFocus: [(100000:100000:scope)] Request focus on focusView: page/2.
11-17 16:26:40.304 13518 13518 I C0391c/AceFocus: [(100000:100000:scope)] WinFocusMove end, root/secure_field onBlur, Column/secure_field onFocus, start: 2, end: 1, update: 2
11-17 16:26:40.304 13518 13518 I C03933/AceKeyboard: [(100000:100000:scope)] current focus node: (Column/5). isDynamic: 0
11-17 16:26:40.304 13518 13518 I C03933/AceKeyboard: [(100000:100000:scope)] Trigger Window Focus Callback
11-17 16:26:40.304 13518 13518 I C03933/AceKeyboard: [(100000:100000:scope)] need keyboard : 0.
11-17 16:26:40.304 13518 13518 I C0420b/WMSKeyboard: []: id: 37, isNeedKeyboard: 0, keepKeyboardFlag: 0
11-17 16:26:40.304 13518 13518 I C0420b/WMSKeyboard: [] RequestInputMethodCloseKeyboard(4831): Notify InputMethod framework close keyboard start.
11-17 16:26:40.310 13518 13518 I C03903/AceSubWindow: [(100000:100000:scope)] hide menu ng exit, window not exist
11-17 16:26:40.311 13518 13518 W C02d66/Hiview-PerfMonitor: OnAnimatorStop: Animation has not started, sceneId: APP_TAB_SWITCH
11-17 16:26:40.311 13518 13518 I C04216/WMSPattern: [] FlushLayoutSize(1344): NotifyFrameLayoutFinishFromApp, id: 37, rect: [0 0 1316 2832], notifyListener: 0
11-17 16:26:40.312 13518 13518 I C02d66/Hiview-PerfMonitor: ProcessJank: JankFrameMonitor::ProcessJank jank >= threshold
11-17 16:26:40.319 13518 13518 I C01356/Recovery: [app_recovery.cpp:468]fileDir: /data/storage/el2/base/files
11-17 16:26:40.320 13518 13518 I A0d15a/AppLogger: AccountManager: 未登录
11-17 16:26:40.320 13518 13518 I A00000/[EntryAbility]: AccountManager initialized
11-17 16:26:40.327 13518 13617 W C01653/NativePreferences: LoadFromDisk: The settingXml /***/el2/***/kes***ata load failed.
11-17 16:26:40.328 13518 13518 I A0d15a/AppLogger: ConnectionStore: 初始化完成, 加载0条记录
11-17 16:26:40.328 13518 13518 I A00000/[EntryAbility]: ConnectionStore initialized
11-17 16:26:42.745 13518 13518 I C02805/InputKeyFlow: [][OnPointerEvent:216] ac: down: 198
11-17 16:26:42.745 13518 13518 I C02805/InputKeyFlow: [P:D:198][OnPointerEvent:639] recv
11-17 16:26:42.745 13518 13518 I C04213/InputKeyFlow: [] HandleInputEvent(93): eid:0,InputId:198,wid:37,ac:2
11-17 16:26:42.746 13518 13518 I C03951/InputKeyFlow: [(100000:100000:scope)] ITK Id:198, fId:0, T:0, I=0, M=0
11-17 16:26:42.746 13518 13518 I C03951/InputKeyFlow: [(100000:100000:scope)] ITK Id:198, TTHNI:fId: 0{ T: Column, D: 8 };
11-17 16:26:42.746 13518 13518 I C03951/InputKeyFlow: [(100000:100000:scope)] ITK Id:198, TTHRTI: T ClickRecognizer info: { T: Column };
11-17 16:26:42.747 13518 13518 I C03919/AceInputTracking: [(100000:100000:scope)] Consumed id:198, last id:-1
11-17 16:26:42.747 13518 13518 I C04213/InputKeyFlow: [] ConsumePointerEventInner(1171): InputId:198,wid:37,pointId:0,srcType:2,rect:[0,0,1316,2832],notify:1
11-17 16:26:42.747 13518 13518 I C03f00/ArkCompiler: [ecmascript] PandaFileSnapshotInterfaces::Serialize: /data/storage/system_optimize/ark_startup_cache/
11-17 16:26:42.747 13518 13518 I C03f00/ArkCompiler: [ecmascript] PandaFileSnapshotInterfaces::Serialize: /data/storage/system_optimize/ark_startup_cache/ is not exists
11-17 16:26:42.747 13518 13518 I C03f00/ArkCompiler: [ecmascript] ModuleSnapshotInterfaces::Serialize: /data/storage/system_optimize/ark_startup_cache/
11-17 16:26:42.747 13518 13518 I C03f00/ArkCompiler: [ecmascript] ModuleSnapshotInterface::Serialize: /data/storage/system_optimize/ark_startup_cache/ is not exists
11-17 16:26:42.819 13518 13518 I C02805/InputKeyFlow: [][OnPointerEvent:216] ac: up: 199
11-17 16:26:42.819 13518 13518 I C02805/InputKeyFlow: [P:U:199][OnPointerEvent:639] recv
11-17 16:26:42.819 13518 13518 I C04213/InputKeyFlow: [] HandleInputEvent(93): eid:1,InputId:199,wid:37,ac:4
11-17 16:26:42.820 13518 13518 I C03951/InputKeyFlow: [(100000:100000:scope)] ITK Id:199, fId:0, T:1, I=0, M=0
11-17 16:26:42.820 13518 13518 E C02c03/PARAM_WATCHER: Read result failed, code is: 1.
11-17 16:26:42.820 13518 13518 E C02c03/PARAM_WATCHER: [watcher_manager_kits.cpp:165]Failed to add watcher for persist.rosen.animationtrace.enabled
11-17 16:26:42.820 13518 13518 E C02c03/PARAM_WATCHER: [watcher_manager_kits.cpp:350]SystemWatchParameter is failed! keyPrefix is:persist.rosen.animationtrace.enabled, errNum is:-1
11-17 16:26:42.820 13518 13518 E C02c0b/BEGET: [service_watcher.c:83]WatchParameter failed! the errNum is -1
11-17 16:26:42.821 13518 13518 I C02c03/PARAM_WATCHER: [watcher_manager_kits.cpp:176]Add watcher keyPrefix sys.graphic.openTestModeTrace remoteWatcherId 42 success
11-17 16:26:42.821 13518 13518 I C0391e/AceGesture: [(100000:100000:scope)] Click try accept
11-17 16:26:42.821 13518 13518 I C03951/InputKeyFlow: [(100000:100000:scope)] CLK RACC, T: Column
11-17 16:26:42.821 13518 13518 I C03916/AceTabs: [(100000:100000:scope)] Clicked tabBarIndex: 2
11-17 16:26:42.821 13518 13518 I C03915/AceSwiper: [(100000:100000:scope)] Swiper user finish animation id:9
11-17 16:26:42.821 13518 13518 I C03919/AceInputTracking: [(100000:100000:scope)] Consumed id:199, last id:-1
11-17 16:26:42.821 13518 13518 I C04213/InputKeyFlow: [] ConsumePointerEventInner(1171): InputId:199,wid:37,pointId:0,srcType:2,rect:[0,0,1316,2832],notify:1
11-17 16:26:42.826 13518 13518 W C03926/AceTheme: [(100000:100000:scope)] style 125829872 not contains radio_pattern!
11-17 16:26:42.826 13518 13518 W C03926/AceTheme: [(100000:100000:scope)] style radio_pattern not contains radio_uncheck_border_color!
11-17 16:26:42.826 13518 13518 W C03926/AceTheme: [(100000:100000:scope)] style radio_pattern not contains touch_animation_duration!
11-17 16:26:42.827 13518 13518 W C03926/AceTheme: [(100000:100000:scope)] style textfield_pattern not contains error_text_border_color_alpha!
11-17 16:26:42.827 13518 13518 W C03926/AceTheme: [(100000:100000:scope)] style textfield_pattern not contains disable_underline_alpha!
11-17 16:26:42.827 13518 13518 W C03926/AceTheme: [(100000:100000:scope)] style textfield_pattern not contains default_counter_color!
11-17 16:26:42.827 13518 13518 W C03926/AceTheme: [(100000:100000:scope)] style textfield_pattern not contains over_counter_color!
11-17 16:26:42.827 13518 13518 W C03926/AceTheme: [(100000:100000:scope)] style textfield_pattern not contains underline_color_alpha!
11-17 16:26:42.827 13518 13518 W C03926/AceTheme: [(100000:100000:scope)] style textfield_pattern not contains underline_color_alpha!
11-17 16:26:42.827 13518 13518 W C03926/AceTheme: [(100000:100000:scope)] style textfield_pattern not contains cursor_width!
11-17 16:26:42.827 13518 13518 W C03926/AceTheme: [(100000:100000:scope)] style textfield_pattern not contains over_count_border_color_alpha!
11-17 16:26:42.827 13518 13518 W C03926/AceTheme: [(100000:100000:scope)] style textfield_pattern not contains text_field_placeholder_linespacing!
11-17 16:26:42.828 13518 13518 W C03926/AceTheme: [(100000:100000:scope)] style text_overlay_pattern not contains text_overlay_menu_button_radius!
11-17 16:26:42.828 13518 13518 W C03926/AceTheme: [(100000:100000:scope)] style text_overlay_pattern not contains bg_color_disabled_alpha!
11-17 16:26:42.828 13518 13518 W C03926/AceTheme: [(100000:100000:scope)] style text_overlay_pattern not contains more_or_back_symbol_size!
11-17 16:26:42.828 13518 13518 W C03926/AceTheme: [(100000:100000:scope)] style text_overlay_pattern not contains text_overlay_menu_copy!
11-17 16:26:42.828 13518 13518 W C03926/AceTheme: [(100000:100000:scope)] style text_overlay_pattern not contains text_overlay_menu_paste!
11-17 16:26:42.828 13518 13518 W C03926/AceTheme: [(100000:100000:scope)] style text_overlay_pattern not contains text_overlay_menu_select_all!
11-17 16:26:42.828 13518 13518 W C03926/AceTheme: [(100000:100000:scope)] style text_overlay_pattern not contains text_overlay_menu_cut!
11-17 16:26:42.828 13518 13518 W C03926/AceTheme: [(100000:100000:scope)] style text_overlay_pattern not contains general_ai_location_title!
11-17 16:26:42.828 13518 13518 W C03926/AceTheme: [(100000:100000:scope)] style text_overlay_pattern not contains general_ai_link_title!
11-17 16:26:42.828 13518 13518 W C03926/AceTheme: [(100000:100000:scope)] style text_overlay_pattern not contains general_ai_content_space!
11-17 16:26:42.828 13518 13518 W C03913/AceText: [(100000:100000:scope)] destroy TxtParagraph with placeholderCnt_ 0, textAlign_ 0, count 0
11-17 16:26:42.828 13518 13518 W C03926/AceTheme: [(100000:100000:scope)] style 125829872 not contains scrollable_pattern!
11-17 16:26:42.829 13518 13518 E C03900/Ace: [(100000:100000:scope)] Failed to open libhint2type library /system/lib64/module/hms/core/atomicservicecomponent/libhint2type.z.so, reason: Error loading shared library /system/lib64/module/hms/core/atomicservicecomponent/libhint2type.z.so: No such file or directoryn
11-17 16:26:42.829 13518 13518 E C03932/AceAutoFill: [(100000:100000:scope)] Load Hint2Type Failed !
11-17 16:26:42.829 13518 13518 I C03914/AceTextField: [(100000:100000:scope)] textfield 62 Keyboard type -1 changed to 2
11-17 16:26:42.830 13518 13518 E C03900/Ace: [(100000:100000:scope)] Failed to open libhint2type library /system/lib64/module/hms/core/atomicservicecomponent/libhint2type.z.so, reason: Error loading shared library /system/lib64/module/hms/core/atomicservicecomponent/libhint2type.z.so: No such file or directoryn
11-17 16:26:42.830 13518 13518 E C03932/AceAutoFill: [(100000:100000:scope)] Load Hint2Type Failed !
11-17 16:26:42.830 13518 13518 E C03900/Ace: [(100000:100000:scope)] Failed to open libhint2type library /system/lib64/module/hms/core/atomicservicecomponent/libhint2type.z.so, reason: Error loading shared library /system/lib64/module/hms/core/atomicservicecomponent/libhint2type.z.so: No such file or directoryn
11-17 16:26:42.830 13518 13518 E C03932/AceAutoFill: [(100000:100000:scope)] Load Hint2Type Failed !
11-17 16:26:42.830 13518 13518 I C03914/AceTextField: [(100000:100000:scope)] textfield 65 Keyboard type -1 changed to 7
11-17 16:26:42.831 13518 13518 W C03926/AceTheme: [(100000:100000:scope)] style 125829872 not contains switch_pattern!
11-17 16:26:42.832 13518 13518 W C03926/AceTheme: [(100000:100000:scope)] style switch_pattern not contains touch_animation_duration!
11-17 16:26:42.832 13518 13518 W C03926/AceTheme: [(100000:100000:scope)] style 125829872 not contains toggle_pattern!
11-17 16:26:42.832 13518 13665 I C0391f/AceImage: [(100000:100000:scope)] No intrinsic size for <private>, size required.
11-17 16:26:42.840 13518 13518 E C03900/Ace: [(100000:100000:scope)] Failed to open libhint2type library /system/lib64/module/hms/core/atomicservicecomponent/libhint2type.z.so, reason: Error loading shared library /system/lib64/module/hms/core/atomicservicecomponent/libhint2type.z.so: No such file or directoryn
11-17 16:26:42.840 13518 13518 E C03932/AceAutoFill: [(100000:100000:scope)] Load Hint2Type Failed !
11-17 16:26:42.840 13518 13518 I C03914/AceTextField: [(100000:100000:scope)] textfield 90 Keyboard type -1 changed to 2
11-17 16:26:42.840 13518 13518 E C03900/Ace: [(100000:100000:scope)] Failed to open libhint2type library /system/lib64/module/hms/core/atomicservicecomponent/libhint2type.z.so, reason: Error loading shared library /system/lib64/module/hms/core/atomicservicecomponent/libhint2type.z.so: No such file or directoryn
11-17 16:26:42.840 13518 13518 E C03932/AceAutoFill: [(100000:100000:scope)] Load Hint2Type Failed !
11-17 16:26:42.841 13518 13518 E C03947/AceStateMgmt: [(100000:100000:scope)] FIX THIS APPLICATION ERROR: @Component '@Component 'ResultBlock'[93]': Illegal variable value error with decorated variable @Prop 'onClear': failed validation: 'undefined, null, number, boolean, string, or Object but not function, not V2 @ObservedV2 / @Trace class, and makeObserved return value either, attempt to assign value type: 'function', value: 'undefined'!
11-17 16:26:42.841 13518 13518 E C03947/AceStateMgmt: [(100000:100000:scope)] FIX THIS APPLICATION ERROR: @Component 'ToolsPage'[81] has error in update func: @Component '@Component 'ResultBlock'[93]': Illegal variable value error with decorated variable @Prop 'onClear': failed validation: 'undefined, null, number, boolean, string, or Object but not function, not V2 @ObservedV2 / @Trace class, and makeObserved return value either, attempt to assign value type: 'function', value: 'undefined'!
11-17 16:26:42.841 13518 13518 W C03f00/ArkCompiler: [default] [Call:3892] occur exception need return
11-17 16:26:42.841 13518 13518 E C03f00/ArkCompiler: [ecmascript] Pending exception before ExecutePendingJob called, in line:5868, exception details as follows:
11-17 16:26:42.841 13518 13518 E C03f00/ArkCompiler: TypeError: @Component '@Component 'ResultBlock'[93]': Illegal variable value error with decorated variable @Prop 'onClear': failed validation: 'undefined, null, number, boolean, string, or Object but not function, not V2 @ObservedV2 / @Trace class, and makeObserved return value either, attempt to assign value type: 'function', value: 'undefined'!
11-17 16:26:42.841 13518 13518 E C03f00/ArkCompiler: Cannot get SourceMap info, dump raw stack:
11-17 16:26:42.841 13518 13518 E C03f00/ArkCompiler:     at varValueCheckFailed (/usr1/hmos_for_system/src/increment/sourcecode/out/generic_generic_x86_64only/deveco_all_all_standard_emulator/obj/foundation/arkui/ace_engine/frameworks/bridge/declarative_frontend/stateMgmt.js:2259:1)
11-17 16:26:42.841 13518 13518 E C03f00/ArkCompiler:     at checkIsSupportedValue (/usr1/hmos_for_system/src/increment/sourcecode/out/generic_generic_x86_64only/deveco_all_all_standard_emulator/obj/foundation/arkui/ace_engine/frameworks/bridge/declarative_frontend/stateMgmt.js:6302:1)
11-17 16:26:42.841 13518 13518 E C03f00/ArkCompiler:     at SynchedPropertyOneWayPU (/usr1/hmos_for_system/src/increment/sourcecode/out/generic_generic_x86_64only/deveco_all_all_standard_emulator/obj/foundation/arkui/ace_engine/frameworks/bridge/declarative_frontend/stateMgmt.js:6808:1)
11-17 16:26:42.841 13518 13518 E C03f00/ArkCompiler:     at SynchedPropertyObjectOneWayPU (/usr1/hmos_for_system/src/increment/sourcecode/out/generic_generic_x86_64only/deveco_all_all_standard_emulator/obj/foundation/arkui/ace_engine/frameworks/bridge/declarative_frontend/stateMgmt.js:0:1)
11-17 16:26:42.841 13518 13518 E C03f00/ArkCompiler:     at ResultBlock (entry|entry|1.0.0|src/main/ets/pages/ToolsPage.ts:52:1)
11-17 16:26:42.841 13518 13518 E C03f00/ArkCompiler:     at anonymous (entry|entry|1.0.0|src/main/ets/pages/ToolsPage.ts:604:1)
11-17 16:26:42.841 13518 13518 E C03f00/ArkCompiler:     at updateFunc (/usr1/hmos_for_system/src/increment/sourcecode/out/generic_generic_x86_64only/deveco_all_all_standard_emulator/obj/foundation/arkui/ace_engine/frameworks/bridge/declarative_frontend/stateMgmt.js:8531:1)
11-17 16:26:42.841 13518 13518 E C03f00/ArkCompiler:     at observeComponentCreation2 (/usr1/hmos_for_system/src/increment/sourcecode/out/generic_generic_x86_64only/deveco_all_all_standard_emulator/obj/foundation/arkui/ace_engine/frameworks/bridge/declarative_frontend/stateMgmt.js:8558:1)
11-17 16:26:42.841 13518 13518 E C03f00/ArkCompiler:     at pingToolCard (entry|entry|1.0.0|src/main/ets/pages/ToolsPage.ts:602:18)
11-17 16:26:42.841 13518 13518 E C03f00/ArkCompiler:     at initialRender (entry|entry|1.0.0|src/main/ets/pages/ToolsPage.ts:886:9)
11-17 16:26:42.841 13518 13518 E C03f00/ArkCompiler:     at initialRenderView (/usr1/hmos_for_system/src/increment/sourcecode/out/generic_generic_x86_64only/deveco_all_all_standard_emulator/obj/foundation/arkui/ace_engine/frameworks/bridge/declarative_frontend/stateMgmt.js:8062:1)
11-17 16:26:42.841 13518 13518 W C03900/Ace: [(100000:100000:scope)] after call jsFunction hasError, empty: 0, caught: 1
11-17 16:26:42.844 13518 13518 I C01356/Recovery: [app_recovery.cpp:255]scheduleRecoverApp  begin
11-17 16:26:42.844 13518 13518 E C01317/AppKit: [main_thread.cpp:2013]
11-17 16:26:42.844 13518 13518 E C01317/AppKit: cn.zwjkeke.ssh is about to exit due to RuntimeError
11-17 16:26:42.844 13518 13518 E C01317/AppKit: Error type:TypeError
11-17 16:26:42.844 13518 13518 E C01317/AppKit: Error name:TypeError
11-17 16:26:42.844 13518 13518 E C01317/AppKit: Error message:@Component '@Component 'ResultBlock'[93]': Illegal variable value error with decorated variable @Prop 'onClear': failed validation: 'undefined, null, number, boolean, string, or Object but not function, not V2 @ObservedV2 / @Trace class, and makeObserved return value either, attempt to assign value type: 'function', value: 'undefined'!
11-17 16:26:42.844 13518 13518 E C01317/AppKit: Stacktrace:
11-17 16:26:42.844 13518 13518 E C01317/AppKit: Cannot get SourceMap info, dump raw stack:
11-17 16:26:42.844 13518 13518 E C01317/AppKit:     at varValueCheckFailed (/usr1/hmos_for_system/src/increment/sourcecode/out/generic_generic_x86_64only/deveco_all_all_standard_emulator/obj/foundation/arkui/ace_engine/frameworks/bridge/declarative_frontend/stateMgmt.js:2259:1)
11-17 16:26:42.844 13518 13518 E C01317/AppKit:     at checkIsSupportedValue (/usr1/hmos_for_system/src/increment/sourcecode/out/generic_generic_x86_64only/deveco_all_all_standard_emulator/obj/foundation/arkui/ace_engine/frameworks/bridge/declarative_frontend/stateMgmt.js:6302:1)
11-17 16:26:42.844 13518 13518 E C01317/AppKit:     at SynchedPropertyOneWayPU (/usr1/hmos_for_system/src/increment/sourcecode/out/generic_generic_x86_64only/deveco_all_all_standard_emulator/obj/foundation/arkui/ace_engine/frameworks/bridge/declarative_frontend/stateMgmt.js:6808:1)
11-17 16:26:42.844 13518 13518 E C01317/AppKit:     at SynchedPropertyObjectOneWayPU (/usr1/hmos_for_system/src/increment/sourcecode/out/generic_generic_x86_64only/deveco_all_all_standard_emulator/obj/foundation/arkui/ace_engine/frameworks/bridge/declarative_frontend/stateMgmt.js:0:1)
11-17 16:26:42.844 13518 13518 E C01317/AppKit:     at ResultBlock (entry|entry|1.0.0|src/main/ets/pages/ToolsPage.ts:52:1)
11-17 16:26:42.844 13518 13518 E C01317/AppKit:     at anonymous (entry|entry|1.0.0|src/main/ets/pages/ToolsPage.ts:604:1)
11-17 16:26:42.844 13518 13518 E C01317/AppKit:     at updateFunc (/usr1/hmos_for_system/src/increment/sourcecode/out/generic_generic_x86_64only/deveco_all_all_standard_emulator/obj/foundation/arkui/ace_engine/frameworks/bridge/declarative_frontend/stateMgmt.js:8531:1)
11-17 16:26:42.844 13518 13518 E C01317/AppKit:     at observeComponentCreation2 (/usr1/hmos_for_system/src/increment/sourcecode/out/generic_generic_x86_64only/deveco_all_all_standard_emulator/obj/foundation/arkui/ace_engine/frameworks/bridge/declarative_frontend/stateMgmt.js:8558:1)
11-17 16:26:42.844 13518 13518 E C01317/AppKit:     at pingToolCard (entry|entry|1.0.0|src/main/ets/pages/ToolsPage.ts:602:18)
11-17 16:26:42.844 13518 13518 E C01317/AppKit:     at initialRender (entry|entry|1.0.0|src/main/ets/pages/ToolsPage.ts:886:9)
11-17 16:26:42.844 13518 13518 E C01317/AppKit:     at initialRenderView (/usr1/hmos_for_system/src/increment/sourcecode/out/generic_generic_x86_64only/deveco_all_all_standard_emulator/obj/foundation/arkui/ace_engine/frameworks/bridge/declarative_frontend/stateMgmt.js:8062:1)
11-17 16:26:42.844 13518 13518 W C01317/AppKit: [main_thread.cpp:2024]hisysevent write result=0, send event [FRAMEWORK,PROCESS_KILL], pid=13518, processName=cn.zwjkeke.ssh, msg=Kill Reason:Js Error, foreground=1, isUncatchable=0
